Raspberry Pi Status Monitor Started
==================================================
Waiting for WiFi connection...
Connected to WiFi: SkyRunners
[2025-10-19 14:54:12] Email sent: 🟢 Raspberry Pi Connected to WiFi: SkyRunners
Next email in: 5m 0s
Next email in: 4m 0s
Next email in: 3m 0s
Next email in: 2m 0s
Next email in: 1m 0s
[2025-10-19 14:59:13] Email sent: 📊 Pi Status Update - SkyRunners
Next email in: 5m 0s
Next email in: 4m 0s
Next email in: 3m 0s
Next email in: 2m 0s
Next email in: 1m 0s
[2025-10-19 15:04:15] Email sent: 📊 Pi Status Update - SkyRunners
Next email in: 5m 0s
Next email in: 4m 0s
Next email in: 3m 0s
Next email in: 2m 0s
Next email in: 1m 0s
[2025-10-19 15:09:16] Email sent: 📊 Pi Status Update - SkyRunners
Next email in: 5m 0s
Next email in: 4m 0s
Next email in: 3m 0s
Next email in: 2m 0s
Next email in: 1m 0s
[2025-10-19 15:14:17] Email sent: 📊 Pi Status Update - SkyRunners
Next email in: 5m 0s
Next email in: 4m 0s
Next email in: 3m 0s
Next email in: 2m 0s
Next email in: 1m 0s
[2025-10-19 15:19:19] Error sending email: [Errno -3] Temporary failure in name resolution
Next email in: 5m 0s
Next email in: 4m 0s
Next email in: 3m 0s
Next email in: 2m 0s
Next email in: 1m 0s
[2025-10-19 15:24:20] Email sent: 📊 Pi Status Update - SkyRunners
Next email in: 5m 0s
Next email in: 4m 0s
Next email in: 3m 0s
Next email in: 2m 0s
Next email in: 1m 0s
[2025-10-19 15:29:21] Email sent: 📊 Pi Status Update - SkyRunners
Next email in: 5m 0s
Next email in: 4m 0s
Next email in: 3m 0s
Next email in: 2m 0s
Next email in: 1m 0s
[2025-10-19 15:34:22] Email sent: 📊 Pi Status Update - SkyRunners
Next email in: 5m 0s
Next email in: 4m 0s
Next email in: 3m 0s
Next email in: 2m 0s
Next email in: 1m 0s
